// Jest Snapshot v1, https://goo.gl/fbAQLP

exports[`AvailablePoolPairsList component should check for snapshot 1`] = `
<BrowserRouter>
  <Router
    history={
      Object {
        "action": "POP",
        "block": [Function],
        "createHref": [Function],
        "go": [Function],
        "goBack": [Function],
        "goForward": [Function],
        "length": 1,
        "listen": [Function],
        "location": Object {
          "hash": "",
          "pathname": "/",
          "search": "",
          "state": undefined,
        },
        "push": [Function],
        "replace": [Function],
      }
    }
  >
    <Provider
      store={
        Object {
          "dispatch": [Function],
          "getState": [Function],
          "replaceReducer": [Function],
          "subscribe": [Function],
          Symbol(observable): [Function],
        }
      }
    >
      <Connect(AvailablePoolPairsList)
        poolPairList={Array []}
        searchQuery=""
      >
        <AvailablePoolPairsList
          dispatch={[Function]}
          isLoadingPoolPairList={false}
          poolPairList={Array []}
          searchQuery=""
        >
          <Card
            className="table-responsive-md"
            tag="div"
          >
            <div
              className="table-responsive-md card"
            >
              <CardBody
                tag="div"
              >
                <div
                  className="card-body"
                >
                  No pool pairs
                </div>
              </CardBody>
            </div>
          </Card>
        </AvailablePoolPairsList>
      </Connect(AvailablePoolPairsList)>
    </Provider>
  </Router>
</BrowserRouter>
`;
