// Jest Snapshot v1, https://goo.gl/fbAQLP

exports[`BackupWalletNotice should check for snapshot 1`] = `
<Provider
  store={
    Object {
      "dispatch": [Function],
      "getState": [Function],
      "replaceReducer": [Function],
      "subscribe": [Function],
      Symbol(observable): [Function],
    }
  }
>
  <Connect(BackupWalletNotice)>
    <BackupWalletNotice
      backupLoadingStart={[Function]}
      closeBackupLoading={[Function]}
      showUpdateAvailable={[Function]}
    >
      <ModalBody
        tag="div"
      >
        <div
          className="modal-body"
        >
          <h1
            className="h4"
          >
            Backup wallet
          </h1>
          Please backup your wallet before updating your app in order to prevent from any mishap. Do you want to backup your wallet?
        </div>
      </ModalBody>
      <ModalFooter
        tag="div"
      >
        <div
          className="modal-footer"
        >
          <Button
            color="link"
            onClick={[Function]}
            size="sm"
            tag="button"
          >
            <button
              aria-label={null}
              className="btn btn-link btn-sm"
              onClick={[Function]}
              type="button"
            >
              Don’t backup
            </button>
          </Button>
          <Button
            color="primary"
            onClick={[Function]}
            size="sm"
            tag="button"
          >
            <button
              aria-label={null}
              className="btn btn-primary btn-sm"
              onClick={[Function]}
              type="button"
            >
              Yes, backup
            </button>
          </Button>
        </div>
      </ModalFooter>
    </BackupWalletNotice>
  </Connect(BackupWalletNotice)>
</Provider>
`;
