// Jest Snapshot v1, https://goo.gl/fbAQLP

exports[`LaunchScreen component should check for snapshot 1`] = `
<div>
  <div>
    <Launch />
    <label>
      DeFi Wallet
    </label>
    <label>
      v2.3.2
    </label>
    <label>
      message
    </label>
    <Loader
      className="mt-5"
      size={28}
    />
  </div>
</div>
`;
